  … 25/400
  … 50/400
  … 75/400
  … 100/400
  … 125/400
  … 150/400
  … 175/400
  … 200/400
  … 225/400
  … 250/400
  … 275/400
  … 300/400
  … 325/400
  … 350/400
  … 375/400
  … 400/400
model  google/gemma-4-e4b
pairs  400  (median gap 115cp, min 50cp)   chance 0.500

condition           parse  n_pair     acc         95% CI    base    lift  s/call
baseline             1.00     399   0.654    [0.61,0.70]   0.654   0.000    0.44
A:shipped            1.00     399   0.729    [0.68,0.77]   0.654   0.075    0.60
A:stripped           1.00     398   0.447    [0.40,0.50]   0.653  -0.206    0.61
B:shipped            1.00     399   0.679    [0.63,0.72]   0.654   0.025    1.27
B:stripped           1.00     399   0.679    [0.63,0.72]   0.654   0.025    1.22
D:shipped            0.99     397   0.516    [0.47,0.57]   0.655  -0.139    0.46
D:stripped           1.00     399   0.609    [0.56,0.66]   0.654  -0.045    0.32

`base` is the baseline's accuracy on that condition's OWN paired
subset, so `lift` compares the same positions. Read the CI, not the
point estimate: overlap means the slice is too small to separate the
conditions — a statement about n, not about the arms.

arm A: declined 0  leak rate 1.00 (fraction of texts naming the answer move)
arm B: declined 0  leak rate 0.17 (fraction of texts naming the answer move)
arm D: declined 0  leak rate 0.81 (fraction of texts naming the answer move)

wall 1607s  ->  runs/20260730T043640-sweep400.json
