  … 25/400
  … 50/400
  … 75/400
  … 100/400
  … 125/400
  … 150/400
  … 175/400
  … 200/400
  … 225/400
  … 250/400
  … 275/400
  … 300/400
  … 325/400
  … 350/400
  … 375/400
  … 400/400
model  google/gemma-4-e4b
pairs  400  (median gap 115cp, min 50cp)   chance 0.500

condition           parse  n_pair     acc         95% CI    base    lift  s/call
baseline             1.00     399   0.654    [0.61,0.70]   0.654   0.000    0.44
B2:shipped           1.00     399   0.679    [0.63,0.72]   0.654   0.025    1.08
B2:stripped          1.00     399   0.682    [0.63,0.73]   0.654   0.028    0.97
B3:shipped           1.00     399   0.697    [0.65,0.74]   0.654   0.043    0.56
B3:stripped          1.00     399   0.697    [0.65,0.74]   0.654   0.043    0.54
BM:shipped           1.00     399   0.992    [0.98,1.00]   0.654   0.338    0.95
BM:stripped          1.00     399   0.674    [0.63,0.72]   0.654   0.020    0.45

`base` is the baseline's accuracy on that condition's OWN paired
subset, so `lift` compares the same positions. Read the CI, not the
point estimate: overlap means the slice is too small to separate the
conditions — a statement about n, not about the arms.

arm B2: declined 0  leak rate 0.15 (fraction of texts naming the answer move)
arm B3: declined 0  leak rate 0.14 (fraction of texts naming the answer move)
arm BM: declined 0  leak rate 1.00 (fraction of texts naming the answer move)

wall 1414s  ->  runs/20260730T131840-variants-v0.json
